
 Quartz v4.5.2  

Cleaned output directory `public` in 5ms
Found 309 input files from `..\corpus` in 32ms
Parsing input files using 2 threads
Parsed 309 Markdown files in 7s
Filtered out 9 files in 382μs
Emitting files
Emitted 1086 files to `public` in 2s
Done processing 309 files in 9s
Started a Quartz server listening at http://localhost:8080
hint: exit with ctrl+c
[404] /corpus/Design/Storytelling/
[404] /GDOH/index.css
[404] /GDOH/prescript.js
[404] /GDOH/postscript.js
[404] /GDOH/static/contentIndex.json
[404] /GDOH/static/icon.png
[200] /Design/Storytelling/
[200] /Design/Storytelling/
[200] /index.css
[200] /prescript.js
[200] /postscript.js
[200] /static/contentIndex.json
[200] /static/icon.png
[200] /Design/Storytelling/
[200] /index.css
[200] /prescript.js
[200] /postscript.js
[200] /static/contentIndex.json
[200] /Design/Storytelling/
[200] /index.css
[200] /prescript.js
[200] /postscript.js
[200] /static/contentIndex.json
[200] /static/icon.png
[200] /Development/
[200] /Design/_References/
[200] /Design/Storytelling/
[200] /Design/
[200] /Design/_References/Game---12-Minutes
[200] /Design/_References/Game---A-Short-Hike
[200] /Design/_References/Game---Alan-Wake-2
[200] /Design/_References/Game---Among-Us
[200] /Development/
[200] /Development/Tutorials---Unreal/
[200] /300---Environment-Systems
[200] /Development/Tutorials---Unreal/300---Environment-Systems/
[200] /Development/Wiki---Unreal/
[200] /Design/
Detected a source code change, doing a hard rebuild...
Cleaned output directory `public` in 102ms
Found 309 input files from `..\corpus` in 19ms
Parsing input files using 2 threads
Parsed 309 Markdown files in 8s
Filtered out 9 files in 710μs
Emitting files
Emitted 1086 files to `public` in 2s
Done processing 309 files in 10s
[200] /Design/
[404] /corpus/Design/Storytelling/
[200] /Design/Storytelling/
[200] /index.css
[200] /prescript.js
[200] /postscript.js
[404] /GDOH/index.css
[404] /GDOH/prescript.js
[404] /GDOH/postscript.js
[200] /Design/Storytelling/
[200] /index.css
[200] /prescript.js
[200] /static/contentIndex.json
[200] /postscript.js
[404] /GDOH/static/contentIndex.json
[200] /index.css
[200] /prescript.js
[200] /static/contentIndex.json
[200] /postscript.js
[200] /static/contentIndex.json
[200] /Design/Storytelling/
Detected a source code change, doing a hard rebuild...
Cleaned output directory `public` in 166ms
Found 309 input files from `..\corpus` in 29ms
Parsing input files using 2 threads
Parsed 309 Markdown files in 8s
Filtered out 9 files in 664μs
Emitting files
Emitted 1086 files to `public` in 2s
Done processing 309 files in 11s
[200] /Design/Storytelling/
[200] /Design/Storytelling/
[404] /corpus/Design/Storytelling/
[200] /index.css
[200] /prescript.js
[200] /postscript.js
[200] /Design/Storytelling/
[200] /index.css
[200] /prescript.js
[200] /postscript.js
[404] /GDOH/index.css
[404] /GDOH/prescript.js
[200] /static/contentIndex.json
[404] /GDOH/postscript.js
[200] /index.css
[200] /prescript.js
[200] /static/contentIndex.json
[200] /postscript.js
[404] /GDOH/static/contentIndex.json
[200] /static/contentIndex.json
[404] /Design/Storytelling/
[404] /GDOH/index.css
[404] /GDOH/prescript.js
[404] /GDOH/postscript.js
[404] /GDOH/static/contentIndex.json
[404] /GDOH/static/icon.png
[404] /Design/Storytelling/
[404] /GDOH/index.css
[404] /GDOH/prescript.js
[404] /GDOH/postscript.js
[404] /GDOH/static/contentIndex.json
[404] /Design/Storytelling/
[404] /GDOH/index.css
[404] /GDOH/prescript.js
[404] /GDOH/postscript.js
[404] /GDOH/static/contentIndex.json
[404] /Design/Storytelling/
[404] /GDOH/index.css
[404] /GDOH/prescript.js
[404] /GDOH/postscript.js
[404] /GDOH/static/contentIndex.json
[404] /Design/Storytelling/
[404] /GDOH/index.css
[404] /GDOH/prescript.js
[404] /GDOH/postscript.js
[404] /GDOH/static/contentIndex.json
Detected a source code change, doing a hard rebuild...
